---
source: src/semantic_analysis.rs
expression: typed_ast
---
Program(
    [
        VarDecl(
            VariableDeclaration {
                name: "d1",
                init: None,
                storage_class: None,
                vtype: Double,
            },
        ),
        VarDecl(
            VariableDeclaration {
                name: "d2",
                init: None,
                storage_class: None,
                vtype: Double,
            },
        ),
        VarDecl(
            VariableDeclaration {
                name: "d3",
                init: None,
                storage_class: None,
                vtype: Double,
            },
        ),
        VarDecl(
            VariableDeclaration {
                name: "uninitialized",
                init: None,
                storage_class: None,
                vtype: Double,
            },
        ),
        VarDecl(
            VariableDeclaration {
                name: "i",
                init: None,
                storage_class: Some(
                    Static,
                ),
                vtype: Int,
            },
        ),
        VarDecl(
            VariableDeclaration {
                name: "u",
                init: None,
                storage_class: None,
                vtype: UInt,
            },
        ),
        VarDecl(
            VariableDeclaration {
                name: "l",
                init: None,
                storage_class: None,
                vtype: Long,
            },
        ),
        VarDecl(
            VariableDeclaration {
                name: "ul",
                init: None,
                storage_class: None,
                vtype: ULong,
            },
        ),
        FunDecl(
            FunctionDeclaration {
                name: "main",
                params: [],
                block: Some(
                    Block(
                        [
                            Stmt(
                                Return(
                                    Expression {
                                        ty: Int,
                                        kind: Binary(
                                            GreaterThan,
                                            Expression {
                                                ty: Double,
                                                kind: Binary(
                                                    Add,
                                                    Expression {
                                                        ty: Double,
                                                        kind: Binary(
                                                            Add,
                                                            Expression {
                                                                ty: Double,
                                                                kind: Binary(
                                                                    Add,
                                                                    Expression {
                                                                        ty: Double,
                                                                        kind: Binary(
                                                                            Add,
                                                                            Expression {
                                                                                ty: Double,
                                                                                kind: Binary(
                                                                                    Add,
                                                                                    Expression {
                                                                                        ty: Double,
                                                                                        kind: Binary(
                                                                                            Add,
                                                                                            Expression {
                                                                                                ty: Double,
                                                                                                kind: Binary(
                                                                                                    Add,
                                                                                                    Expression {
                                                                                                        ty: Double,
                                                                                                        kind: Var(
                                                                                                            "d1",
                                                                                                        ),
                                                                                                    },
                                                                                                    Expression {
                                                                                                        ty: Double,
                                                                                                        kind: Var(
                                                                                                            "d2",
                                                                                                        ),
                                                                                                    },
                                                                                                ),
                                                                                            },
                                                                                            Expression {
                                                                                                ty: Double,
                                                                                                kind: Var(
                                                                                                    "d3",
                                                                                                ),
                                                                                            },
                                                                                        ),
                                                                                    },
                                                                                    Expression {
                                                                                        ty: Double,
                                                                                        kind: Var(
                                                                                            "uninitialized",
                                                                                        ),
                                                                                    },
                                                                                ),
                                                                            },
                                                                            Expression {
                                                                                ty: Double,
                                                                                kind: Cast(
                                                                                    Double,
                                                                                    Expression {
                                                                                        ty: Int,
                                                                                        kind: Var(
                                                                                            "i",
                                                                                        ),
                                                                                    },
                                                                                ),
                                                                            },
                                                                        ),
                                                                    },
                                                                    Expression {
                                                                        ty: Double,
                                                                        kind: Cast(
                                                                            Double,
                                                                            Expression {
                                                                                ty: UInt,
                                                                                kind: Var(
                                                                                    "u",
                                                                                ),
                                                                            },
                                                                        ),
                                                                    },
                                                                ),
                                                            },
                                                            Expression {
                                                                ty: Double,
                                                                kind: Cast(
                                                                    Double,
                                                                    Expression {
                                                                        ty: Long,
                                                                        kind: Var(
                                                                            "l",
                                                                        ),
                                                                    },
                                                                ),
                                                            },
                                                        ),
                                                    },
                                                    Expression {
                                                        ty: Double,
                                                        kind: Cast(
                                                            Double,
                                                            Expression {
                                                                ty: ULong,
                                                                kind: Var(
                                                                    "ul",
                                                                ),
                                                            },
                                                        ),
                                                    },
                                                ),
                                            },
                                            Expression {
                                                ty: Double,
                                                kind: Cast(
                                                    Double,
                                                    Expression {
                                                        ty: Int,
                                                        kind: Constant(
                                                            Int(
                                                                0,
                                                            ),
                                                        ),
                                                    },
                                                ),
                                            },
                                        ),
                                    },
                                ),
                            ),
                        ],
                    ),
                ),
                storage_class: None,
                ftype: FunType {
                    params: [],
                    ret: Int,
                },
            },
        ),
    ],
)
