---
source: src/asm.rs
expression: compile(src)
---
Program(
    [
        Func(
            Function {
                name: "check_arguments",
                instructions: [
                    Binary(
                        Sub,
                        Quadword,
                        Imm(
                            192,
                        ),
                        Reg(
                            SP,
                        ),
                    ),
                    Mov(
                        Longword,
                        Reg(
                            DI,
                        ),
                        Stack(
                            -4,
                        ),
                    ),
                    Mov(
                        Longword,
                        Reg(
                            SI,
                        ),
                        Stack(
                            -8,
                        ),
                    ),
                    Mov(
                        Longword,
                        Reg(
                            DX,
                        ),
                        Stack(
                            -12,
                        ),
                    ),
                    Mov(
                        Longword,
                        Reg(
                            CX,
                        ),
                        Stack(
                            -16,
                        ),
                    ),
                    Mov(
                        Longword,
                        Reg(
                            R8,
                        ),
                        Stack(
                            -20,
                        ),
                    ),
                    Mov(
                        Double,
                        Reg(
                            XMM0,
                        ),
                        Stack(
                            -32,
                        ),
                    ),
                    Mov(
                        Double,
                        Reg(
                            XMM1,
                        ),
                        Stack(
                            -40,
                        ),
                    ),
                    Mov(
                        Double,
                        Reg(
                            XMM2,
                        ),
                        Stack(
                            -48,
                        ),
                    ),
                    Mov(
                        Double,
                        Reg(
                            XMM3,
                        ),
                        Stack(
                            -56,
                        ),
                    ),
                    Mov(
                        Double,
                        Reg(
                            XMM4,
                        ),
                        Stack(
                            -64,
                        ),
                    ),
                    Mov(
                        Double,
                        Reg(
                            XMM5,
                        ),
                        Stack(
                            -72,
                        ),
                    ),
                    Mov(
                        Double,
                        Reg(
                            XMM6,
                        ),
                        Stack(
                            -80,
                        ),
                    ),
                    Mov(
                        Double,
                        Reg(
                            XMM7,
                        ),
                        Stack(
                            -88,
                        ),
                    ),
                    Mov(
                        Double,
                        Stack(
                            -32,
                        ),
                        Reg(
                            XMM15,
                        ),
                    ),
                    Cmp(
                        Double,
                        Data(
                            "const_label.4607182418800017408",
                        ),
                        Reg(
                            XMM15,
                        ),
                    ),
                    Mov(
                        Longword,
                        Imm(
                            0,
                        ),
                        Reg(
                            R10,
                        ),
                    ),
                    Mov(
                        Longword,
                        Imm(
                            0,
                        ),
                        Reg(
                            R11,
                        ),
                    ),
                    SetCC(
                        NE,
                        Reg(
                            R10,
                        ),
                    ),
                    SetCC(
                        P,
                        Reg(
                            R11,
                        ),
                    ),
                    Binary(
                        BitwiseOr,
                        Longword,
                        Reg(
                            R10,
                        ),
                        Reg(
                            R11,
                        ),
                    ),
                    Mov(
                        Longword,
                        Reg(
                            R11,
                        ),
                        Stack(
                            -92,
                        ),
                    ),
                    Mov(
                        Longword,
                        Stack(
                            -92,
                        ),
                        Reg(
                            R10,
                        ),
                    ),
                    Mov(
                        Longword,
                        Reg(
                            R10,
                        ),
                        Stack(
                            -96,
                        ),
                    ),
                    Cmp(
                        Longword,
                        Imm(
                            0,
                        ),
                        Stack(
                            -96,
                        ),
                    ),
                    JmpCC(
                        E,
                        "end_label.0",
                    ),
                    Mov(
                        Longword,
                        Imm(
                            1,
                        ),
                        Reg(
                            AX,
                        ),
                    ),
                    Ret,
                    Label(
                        "end_label.0",
                    ),
                    Mov(
                        Double,
                        Stack(
                            -40,
                        ),
                        Reg(
                            XMM15,
                        ),
                    ),
                    Cmp(
                        Double,
                        Data(
                            "const_label.4611686018427387904",
                        ),
                        Reg(
                            XMM15,
                        ),
                    ),
                    Mov(
                        Longword,
                        Imm(
                            0,
                        ),
                        Reg(
                            R10,
                        ),
                    ),
                    Mov(
                        Longword,
                        Imm(
                            0,
                        ),
                        Reg(
                            R11,
                        ),
                    ),
                    SetCC(
                        NE,
                        Reg(
                            R10,
                        ),
                    ),
                    SetCC(
                        P,
                        Reg(
                            R11,
                        ),
                    ),
                    Binary(
                        BitwiseOr,
                        Longword,
                        Reg(
                            R10,
                        ),
                        Reg(
                            R11,
                        ),
                    ),
                    Mov(
                        Longword,
                        Reg(
                            R11,
                        ),
                        Stack(
                            -100,
                        ),
                    ),
                    Mov(
                        Longword,
                        Stack(
                            -100,
                        ),
                        Reg(
                            R10,
                        ),
                    ),
                    Mov(
                        Longword,
                        Reg(
                            R10,
                        ),
                        Stack(
                            -104,
                        ),
                    ),
                    Cmp(
                        Longword,
                        Imm(
                            0,
                        ),
                        Stack(
                            -104,
                        ),
                    ),
                    JmpCC(
                        E,
                        "end_label.1",
                    ),
                    Mov(
                        Longword,
                        Imm(
                            2,
                        ),
                        Reg(
                            AX,
                        ),
                    ),
                    Ret,
                    Label(
                        "end_label.1",
                    ),
                    Mov(
                        Double,
                        Stack(
                            -48,
                        ),
                        Reg(
                            XMM15,
                        ),
                    ),
                    Cmp(
                        Double,
                        Data(
                            "const_label.4613937818241073152",
                        ),
                        Reg(
                            XMM15,
                        ),
                    ),
                    Mov(
                        Longword,
                        Imm(
                            0,
                        ),
                        Reg(
                            R10,
                        ),
                    ),
                    Mov(
                        Longword,
                        Imm(
                            0,
                        ),
                        Reg(
                            R11,
                        ),
                    ),
                    SetCC(
                        NE,
                        Reg(
                            R10,
                        ),
                    ),
                    SetCC(
                        P,
                        Reg(
                            R11,
                        ),
                    ),
                    Binary(
                        BitwiseOr,
                        Longword,
                        Reg(
                            R10,
                        ),
                        Reg(
                            R11,
                        ),
                    ),
                    Mov(
                        Longword,
                        Reg(
                            R11,
                        ),
                        Stack(
                            -108,
                        ),
                    ),
                    Mov(
                        Longword,
                        Stack(
                            -108,
                        ),
                        Reg(
                            R10,
                        ),
                    ),
                    Mov(
                        Longword,
                        Reg(
                            R10,
                        ),
                        Stack(
                            -112,
                        ),
                    ),
                    Cmp(
                        Longword,
                        Imm(
                            0,
                        ),
                        Stack(
                            -112,
                        ),
                    ),
                    JmpCC(
                        E,
                        "end_label.2",
                    ),
                    Mov(
                        Longword,
                        Imm(
                            3,
                        ),
                        Reg(
                            AX,
                        ),
                    ),
                    Ret,
                    Label(
                        "end_label.2",
                    ),
                    Mov(
                        Double,
                        Stack(
                            -56,
                        ),
                        Reg(
                            XMM15,
                        ),
                    ),
                    Cmp(
                        Double,
                        Data(
                            "const_label.4616189618054758400",
                        ),
                        Reg(
                            XMM15,
                        ),
                    ),
                    Mov(
                        Longword,
                        Imm(
                            0,
                        ),
                        Reg(
                            R10,
                        ),
                    ),
                    Mov(
                        Longword,
                        Imm(
                            0,
                        ),
                        Reg(
                            R11,
                        ),
                    ),
                    SetCC(
                        NE,
                        Reg(
                            R10,
                        ),
                    ),
                    SetCC(
                        P,
                        Reg(
                            R11,
                        ),
                    ),
                    Binary(
                        BitwiseOr,
                        Longword,
                        Reg(
                            R10,
                        ),
                        Reg(
                            R11,
                        ),
                    ),
                    Mov(
                        Longword,
                        Reg(
                            R11,
                        ),
                        Stack(
                            -116,
                        ),
                    ),
                    Mov(
                        Longword,
                        Stack(
                            -116,
                        ),
                        Reg(
                            R10,
                        ),
                    ),
                    Mov(
                        Longword,
                        Reg(
                            R10,
                        ),
                        Stack(
                            -120,
                        ),
                    ),
                    Cmp(
                        Longword,
                        Imm(
                            0,
                        ),
                        Stack(
                            -120,
                        ),
                    ),
                    JmpCC(
                        E,
                        "end_label.3",
                    ),
                    Mov(
                        Longword,
                        Imm(
                            4,
                        ),
                        Reg(
                            AX,
                        ),
                    ),
                    Ret,
                    Label(
                        "end_label.3",
                    ),
                    Mov(
                        Double,
                        Stack(
                            -64,
                        ),
                        Reg(
                            XMM15,
                        ),
                    ),
                    Cmp(
                        Double,
                        Data(
                            "const_label.4617315517961601024",
                        ),
                        Reg(
                            XMM15,
                        ),
                    ),
                    Mov(
                        Longword,
                        Imm(
                            0,
                        ),
                        Reg(
                            R10,
                        ),
                    ),
                    Mov(
                        Longword,
                        Imm(
                            0,
                        ),
                        Reg(
                            R11,
                        ),
                    ),
                    SetCC(
                        NE,
                        Reg(
                            R10,
                        ),
                    ),
                    SetCC(
                        P,
                        Reg(
                            R11,
                        ),
                    ),
                    Binary(
                        BitwiseOr,
                        Longword,
                        Reg(
                            R10,
                        ),
                        Reg(
                            R11,
                        ),
                    ),
                    Mov(
                        Longword,
                        Reg(
                            R11,
                        ),
                        Stack(
                            -124,
                        ),
                    ),
                    Mov(
                        Longword,
                        Stack(
                            -124,
                        ),
                        Reg(
                            R10,
                        ),
                    ),
                    Mov(
                        Longword,
                        Reg(
                            R10,
                        ),
                        Stack(
                            -128,
                        ),
                    ),
                    Cmp(
                        Longword,
                        Imm(
                            0,
                        ),
                        Stack(
                            -128,
                        ),
                    ),
                    JmpCC(
                        E,
                        "end_label.4",
                    ),
                    Mov(
                        Longword,
                        Imm(
                            5,
                        ),
                        Reg(
                            AX,
                        ),
                    ),
                    Ret,
                    Label(
                        "end_label.4",
                    ),
                    Mov(
                        Double,
                        Stack(
                            -72,
                        ),
                        Reg(
                            XMM15,
                        ),
                    ),
                    Cmp(
                        Double,
                        Data(
                            "const_label.4618441417868443648",
                        ),
                        Reg(
                            XMM15,
                        ),
                    ),
                    Mov(
                        Longword,
                        Imm(
                            0,
                        ),
                        Reg(
                            R10,
                        ),
                    ),
                    Mov(
                        Longword,
                        Imm(
                            0,
                        ),
                        Reg(
                            R11,
                        ),
                    ),
                    SetCC(
                        NE,
                        Reg(
                            R10,
                        ),
                    ),
                    SetCC(
                        P,
                        Reg(
                            R11,
                        ),
                    ),
                    Binary(
                        BitwiseOr,
                        Longword,
                        Reg(
                            R10,
                        ),
                        Reg(
                            R11,
                        ),
                    ),
                    Mov(
                        Longword,
                        Reg(
                            R11,
                        ),
                        Stack(
                            -132,
                        ),
                    ),
                    Mov(
                        Longword,
                        Stack(
                            -132,
                        ),
                        Reg(
                            R10,
                        ),
                    ),
                    Mov(
                        Longword,
                        Reg(
                            R10,
                        ),
                        Stack(
                            -136,
                        ),
                    ),
                    Cmp(
                        Longword,
                        Imm(
                            0,
                        ),
                        Stack(
                            -136,
                        ),
                    ),
                    JmpCC(
                        E,
                        "end_label.5",
                    ),
                    Mov(
                        Longword,
                        Imm(
                            6,
                        ),
                        Reg(
                            AX,
                        ),
                    ),
                    Ret,
                    Label(
                        "end_label.5",
                    ),
                    Mov(
                        Double,
                        Stack(
                            -80,
                        ),
                        Reg(
                            XMM15,
                        ),
                    ),
                    Cmp(
                        Double,
                        Data(
                            "const_label.4619567317775286272",
                        ),
                        Reg(
                            XMM15,
                        ),
                    ),
                    Mov(
                        Longword,
                        Imm(
                            0,
                        ),
                        Reg(
                            R10,
                        ),
                    ),
                    Mov(
                        Longword,
                        Imm(
                            0,
                        ),
                        Reg(
                            R11,
                        ),
                    ),
                    SetCC(
                        NE,
                        Reg(
                            R10,
                        ),
                    ),
                    SetCC(
                        P,
                        Reg(
                            R11,
                        ),
                    ),
                    Binary(
                        BitwiseOr,
                        Longword,
                        Reg(
                            R10,
                        ),
                        Reg(
                            R11,
                        ),
                    ),
                    Mov(
                        Longword,
                        Reg(
                            R11,
                        ),
                        Stack(
                            -140,
                        ),
                    ),
                    Mov(
                        Longword,
                        Stack(
                            -140,
                        ),
                        Reg(
                            R10,
                        ),
                    ),
                    Mov(
                        Longword,
                        Reg(
                            R10,
                        ),
                        Stack(
                            -144,
                        ),
                    ),
                    Cmp(
                        Longword,
                        Imm(
                            0,
                        ),
                        Stack(
                            -144,
                        ),
                    ),
                    JmpCC(
                        E,
                        "end_label.6",
                    ),
                    Mov(
                        Longword,
                        Imm(
                            7,
                        ),
                        Reg(
                            AX,
                        ),
                    ),
                    Ret,
                    Label(
                        "end_label.6",
                    ),
                    Mov(
                        Double,
                        Stack(
                            -88,
                        ),
                        Reg(
                            XMM15,
                        ),
                    ),
                    Cmp(
                        Double,
                        Data(
                            "const_label.4620693217682128896",
                        ),
                        Reg(
                            XMM15,
                        ),
                    ),
                    Mov(
                        Longword,
                        Imm(
                            0,
                        ),
                        Reg(
                            R10,
                        ),
                    ),
                    Mov(
                        Longword,
                        Imm(
                            0,
                        ),
                        Reg(
                            R11,
                        ),
                    ),
                    SetCC(
                        NE,
                        Reg(
                            R10,
                        ),
                    ),
                    SetCC(
                        P,
                        Reg(
                            R11,
                        ),
                    ),
                    Binary(
                        BitwiseOr,
                        Longword,
                        Reg(
                            R10,
                        ),
                        Reg(
                            R11,
                        ),
                    ),
                    Mov(
                        Longword,
                        Reg(
                            R11,
                        ),
                        Stack(
                            -148,
                        ),
                    ),
                    Mov(
                        Longword,
                        Stack(
                            -148,
                        ),
                        Reg(
                            R10,
                        ),
                    ),
                    Mov(
                        Longword,
                        Reg(
                            R10,
                        ),
                        Stack(
                            -152,
                        ),
                    ),
                    Cmp(
                        Longword,
                        Imm(
                            0,
                        ),
                        Stack(
                            -152,
                        ),
                    ),
                    JmpCC(
                        E,
                        "end_label.7",
                    ),
                    Mov(
                        Longword,
                        Imm(
                            8,
                        ),
                        Reg(
                            AX,
                        ),
                    ),
                    Ret,
                    Label(
                        "end_label.7",
                    ),
                    Cmp(
                        Longword,
                        Imm(
                            101,
                        ),
                        Stack(
                            -4,
                        ),
                    ),
                    Mov(
                        Longword,
                        Imm(
                            0,
                        ),
                        Stack(
                            -156,
                        ),
                    ),
                    SetCC(
                        NE,
                        Stack(
                            -156,
                        ),
                    ),
                    Mov(
                        Longword,
                        Stack(
                            -156,
                        ),
                        Reg(
                            R10,
                        ),
                    ),
                    Mov(
                        Longword,
                        Reg(
                            R10,
                        ),
                        Stack(
                            -160,
                        ),
                    ),
                    Cmp(
                        Longword,
                        Imm(
                            0,
                        ),
                        Stack(
                            -160,
                        ),
                    ),
                    JmpCC(
                        E,
                        "end_label.8",
                    ),
                    Mov(
                        Longword,
                        Imm(
                            9,
                        ),
                        Reg(
                            AX,
                        ),
                    ),
                    Ret,
                    Label(
                        "end_label.8",
                    ),
                    Cmp(
                        Longword,
                        Imm(
                            102,
                        ),
                        Stack(
                            -8,
                        ),
                    ),
                    Mov(
                        Longword,
                        Imm(
                            0,
                        ),
                        Stack(
                            -164,
                        ),
                    ),
                    SetCC(
                        NE,
                        Stack(
                            -164,
                        ),
                    ),
                    Mov(
                        Longword,
                        Stack(
                            -164,
                        ),
                        Reg(
                            R10,
                        ),
                    ),
                    Mov(
                        Longword,
                        Reg(
                            R10,
                        ),
                        Stack(
                            -168,
                        ),
                    ),
                    Cmp(
                        Longword,
                        Imm(
                            0,
                        ),
                        Stack(
                            -168,
                        ),
                    ),
                    JmpCC(
                        E,
                        "end_label.9",
                    ),
                    Mov(
                        Longword,
                        Imm(
                            10,
                        ),
                        Reg(
                            AX,
                        ),
                    ),
                    Ret,
                    Label(
                        "end_label.9",
                    ),
                    Cmp(
                        Longword,
                        Imm(
                            103,
                        ),
                        Stack(
                            -12,
                        ),
                    ),
                    Mov(
                        Longword,
                        Imm(
                            0,
                        ),
                        Stack(
                            -172,
                        ),
                    ),
                    SetCC(
                        NE,
                        Stack(
                            -172,
                        ),
                    ),
                    Mov(
                        Longword,
                        Stack(
                            -172,
                        ),
                        Reg(
                            R10,
                        ),
                    ),
                    Mov(
                        Longword,
                        Reg(
                            R10,
                        ),
                        Stack(
                            -176,
                        ),
                    ),
                    Cmp(
                        Longword,
                        Imm(
                            0,
                        ),
                        Stack(
                            -176,
                        ),
                    ),
                    JmpCC(
                        E,
                        "end_label.10",
                    ),
                    Mov(
                        Longword,
                        Imm(
                            11,
                        ),
                        Reg(
                            AX,
                        ),
                    ),
                    Ret,
                    Label(
                        "end_label.10",
                    ),
                    Cmp(
                        Longword,
                        Imm(
                            104,
                        ),
                        Stack(
                            -16,
                        ),
                    ),
                    Mov(
                        Longword,
                        Imm(
                            0,
                        ),
                        Stack(
                            -180,
                        ),
                    ),
                    SetCC(
                        NE,
                        Stack(
                            -180,
                        ),
                    ),
                    Mov(
                        Longword,
                        Stack(
                            -180,
                        ),
                        Reg(
                            R10,
                        ),
                    ),
                    Mov(
                        Longword,
                        Reg(
                            R10,
                        ),
                        Stack(
                            -184,
                        ),
                    ),
                    Cmp(
                        Longword,
                        Imm(
                            0,
                        ),
                        Stack(
                            -184,
                        ),
                    ),
                    JmpCC(
                        E,
                        "end_label.11",
                    ),
                    Mov(
                        Longword,
                        Imm(
                            12,
                        ),
                        Reg(
                            AX,
                        ),
                    ),
                    Ret,
                    Label(
                        "end_label.11",
                    ),
                    Cmp(
                        Longword,
                        Imm(
                            105,
                        ),
                        Stack(
                            -20,
                        ),
                    ),
                    Mov(
                        Longword,
                        Imm(
                            0,
                        ),
                        Stack(
                            -188,
                        ),
                    ),
                    SetCC(
                        NE,
                        Stack(
                            -188,
                        ),
                    ),
                    Mov(
                        Longword,
                        Stack(
                            -188,
                        ),
                        Reg(
                            R10,
                        ),
                    ),
                    Mov(
                        Longword,
                        Reg(
                            R10,
                        ),
                        Stack(
                            -192,
                        ),
                    ),
                    Cmp(
                        Longword,
                        Imm(
                            0,
                        ),
                        Stack(
                            -192,
                        ),
                    ),
                    JmpCC(
                        E,
                        "end_label.12",
                    ),
                    Mov(
                        Longword,
                        Imm(
                            13,
                        ),
                        Reg(
                            AX,
                        ),
                    ),
                    Ret,
                    Label(
                        "end_label.12",
                    ),
                    Mov(
                        Longword,
                        Imm(
                            0,
                        ),
                        Reg(
                            AX,
                        ),
                    ),
                    Ret,
                    Mov(
                        Longword,
                        Imm(
                            0,
                        ),
                        Reg(
                            AX,
                        ),
                    ),
                    Ret,
                ],
                global: true,
            },
        ),
        Func(
            Function {
                name: "main",
                instructions: [
                    Binary(
                        Sub,
                        Quadword,
                        Imm(
                            16,
                        ),
                        Reg(
                            SP,
                        ),
                    ),
                    Mov(
                        Longword,
                        Imm(
                            101,
                        ),
                        Reg(
                            DI,
                        ),
                    ),
                    Mov(
                        Longword,
                        Imm(
                            102,
                        ),
                        Reg(
                            SI,
                        ),
                    ),
                    Mov(
                        Longword,
                        Imm(
                            103,
                        ),
                        Reg(
                            DX,
                        ),
                    ),
                    Mov(
                        Longword,
                        Imm(
                            104,
                        ),
                        Reg(
                            CX,
                        ),
                    ),
                    Mov(
                        Longword,
                        Imm(
                            105,
                        ),
                        Reg(
                            R8,
                        ),
                    ),
                    Mov(
                        Double,
                        Data(
                            "const_label.4607182418800017408",
                        ),
                        Reg(
                            XMM0,
                        ),
                    ),
                    Mov(
                        Double,
                        Data(
                            "const_label.4611686018427387904",
                        ),
                        Reg(
                            XMM1,
                        ),
                    ),
                    Mov(
                        Double,
                        Data(
                            "const_label.4613937818241073152",
                        ),
                        Reg(
                            XMM2,
                        ),
                    ),
                    Mov(
                        Double,
                        Data(
                            "const_label.4616189618054758400",
                        ),
                        Reg(
                            XMM3,
                        ),
                    ),
                    Mov(
                        Double,
                        Data(
                            "const_label.4617315517961601024",
                        ),
                        Reg(
                            XMM4,
                        ),
                    ),
                    Mov(
                        Double,
                        Data(
                            "const_label.4618441417868443648",
                        ),
                        Reg(
                            XMM5,
                        ),
                    ),
                    Mov(
                        Double,
                        Data(
                            "const_label.4619567317775286272",
                        ),
                        Reg(
                            XMM6,
                        ),
                    ),
                    Mov(
                        Double,
                        Data(
                            "const_label.4620693217682128896",
                        ),
                        Reg(
                            XMM7,
                        ),
                    ),
                    Call(
                        "check_arguments",
                    ),
                    Mov(
                        Longword,
                        Reg(
                            AX,
                        ),
                        Stack(
                            -4,
                        ),
                    ),
                    Mov(
                        Longword,
                        Stack(
                            -4,
                        ),
                        Reg(
                            AX,
                        ),
                    ),
                    Ret,
                    Mov(
                        Longword,
                        Imm(
                            0,
                        ),
                        Reg(
                            AX,
                        ),
                    ),
                    Ret,
                ],
                global: true,
            },
        ),
        StaticConstant {
            identifier: "const_label.4607182418800017408",
            alignment: 8,
            init: DoubleInit(
                1.0,
            ),
        },
        StaticConstant {
            identifier: "const_label.4611686018427387904",
            alignment: 8,
            init: DoubleInit(
                2.0,
            ),
        },
        StaticConstant {
            identifier: "const_label.4613937818241073152",
            alignment: 8,
            init: DoubleInit(
                3.0,
            ),
        },
        StaticConstant {
            identifier: "const_label.4616189618054758400",
            alignment: 8,
            init: DoubleInit(
                4.0,
            ),
        },
        StaticConstant {
            identifier: "const_label.4617315517961601024",
            alignment: 8,
            init: DoubleInit(
                5.0,
            ),
        },
        StaticConstant {
            identifier: "const_label.4618441417868443648",
            alignment: 8,
            init: DoubleInit(
                6.0,
            ),
        },
        StaticConstant {
            identifier: "const_label.4619567317775286272",
            alignment: 8,
            init: DoubleInit(
                7.0,
            ),
        },
        StaticConstant {
            identifier: "const_label.4620693217682128896",
            alignment: 8,
            init: DoubleInit(
                8.0,
            ),
        },
    ],
)
